14:48:35.813 1113 [main] DEBUG i.g.b.wdm.cache.ResolutionCache - Removing resolution chrome=112 from cache (expired on Tue Apr 18 10:31:17 EDT 2023)
14:48:36.307 1607 [main] DEBUG i.g.b.wdm.versions.VersionDetector - Detecting chrome version using online commands.properties
14:48:36.312 1612 [main] DEBUG i.g.bonigarcia.wdm.versions.Shell - Running command on the shell: [cmd.exe, /C, wmic, datafile, where, name="%PROGRAMFILES:\=\\%\\Google\\Chrome\\Application\\chrome.exe", get, Version, /value]
14:48:36.821 2121 [main] DEBUG i.g.bonigarcia.wdm.versions.Shell - Result: Version=112.0.5615.137
14:48:36.824 2124 [main] DEBUG i.g.b.wdm.cache.ResolutionCache - Removing resolution chrome112=112.0.5615.49 from cache (expired on Tue Apr 18 10:27:48 EDT 2023)
14:48:37.004 2304 [main] DEBUG i.g.b.wdm.versions.VersionDetector - Latest version of chromedriver according to https://chromedriver.storage.googleapis.com/LATEST_RELEASE_112 is 112.0.5615.49
14:48:37.004 2304 [main] INFO  i.g.bonigarcia.wdm.WebDriverManager - Using chromedriver 112.0.5615.49 (resolved driver for Chrome 112)
14:48:37.008 2308 [main] DEBUG i.g.b.wdm.cache.ResolutionCache - Storing resolution chrome=112 in cache (valid until 15:48:37 20/04/2023 EDT)
14:48:37.009 2309 [main] DEBUG i.g.b.wdm.cache.ResolutionCache - Storing resolution chrome112=112.0.5615.49 in cache (valid until 14:48:37 21/04/2023 EDT)
14:48:37.033 2333 [main] DEBUG i.g.bonigarcia.wdm.WebDriverManager - Driver chromedriver 112.0.5615.49 found in cache
14:48:37.034 2334 [main] INFO  i.g.bonigarcia.wdm.WebDriverManager - Exporting webdriver.chrome.driver as C:\Users\kkaswan\.cache\selenium\chromedriver\win32\112.0.5615.49\chromedriver.exe
14:48:56.336 21636 [main] INFO  com.qaconsultants.TestSteps - *****************************************************************
14:48:56.337 21637 [main] INFO  com.qaconsultants.TestSteps - No ad displayed: org.openqa.selenium.TimeoutException: Expected condition failed: waiting for visibility of Proxy element for: DefaultElementLocator 'By.xpath: //iframe[contains(@name,'aswift') and contains(@style,'visibility: visible')]' (tried for 10 second(s) with 500 milliseconds interval)
14:48:56.337 21637 [main] INFO  com.qaconsultants.TestSteps - *****************************************************************
14:48:59.862 25162 [main] INFO  pages.LogIn - *****************************************************************
14:48:59.862 25162 [main] INFO  pages.LogIn - Login Page entered
14:48:59.972 25272 [main] INFO  pages.LogIn - Email entered
14:49:00.092 25392 [main] INFO  pages.LogIn - Password entered
14:49:02.348 27648 [main] INFO  pages.LogIn - Login Button clicked
14:49:17.988 43288 [main] INFO  com.qaconsultants.TestSteps - *****************************************************************
14:49:17.989 43289 [main] INFO  com.qaconsultants.TestSteps - No ad displayed: org.openqa.selenium.TimeoutException: Expected condition failed: waiting for visibility of Proxy element for: DefaultElementLocator 'By.xpath: //iframe[contains(@name,'aswift') and contains(@style,'visibility: visible')]' (tried for 10 second(s) with 500 milliseconds interval)
14:49:17.989 43289 [main] INFO  com.qaconsultants.TestSteps - *****************************************************************
14:49:35.375 60675 [main] INFO  com.qaconsultants.TestSteps - *****************************************************************
14:49:35.376 60676 [main] INFO  com.qaconsultants.TestSteps - No ad displayed: org.openqa.selenium.TimeoutException: Expected condition failed: waiting for visibility of Proxy element for: DefaultElementLocator 'By.xpath: //iframe[contains(@name,'aswift') and contains(@style,'visibility: visible')]' (tried for 10 second(s) with 500 milliseconds interval)
14:49:35.376 60676 [main] INFO  com.qaconsultants.TestSteps - *****************************************************************
14:49:35.391 60691 [main] INFO  pages.Product - *****************************************************************
14:49:35.392 60692 [main] INFO  pages.Product - Product Page entered
14:49:35.504 60804 [main] INFO  pages.Product - Wrote product to be searched in search bar
14:49:37.195 62495 [main] INFO  pages.Product - Clicked the search button on product page
14:49:38.753 64053 [main] INFO  pages.Product - Added product in the cart
14:49:39.942 65242 [main] INFO  pages.Product - Leaving product page
14:49:39.943 65243 [main] INFO  pages.Product - *****************************************************************
14:49:55.616 80916 [main] INFO  com.qaconsultants.TestSteps - *****************************************************************
14:49:55.617 80917 [main] INFO  com.qaconsultants.TestSteps - No ad displayed: org.openqa.selenium.TimeoutException: Expected condition failed: waiting for visibility of Proxy element for: DefaultElementLocator 'By.xpath: //iframe[contains(@name,'aswift') and contains(@style,'visibility: visible')]' (tried for 10 second(s) with 500 milliseconds interval)
14:49:55.617 80917 [main] INFO  com.qaconsultants.TestSteps - *****************************************************************
14:49:56.940 82240 [main] INFO  pages.Checkout - *****************************************************************
14:49:56.941 82241 [main] INFO  pages.Checkout - Checkout Page entered
14:49:57.777 83077 [main] INFO  pages.Checkout - Leaving Checkout Page
14:49:57.777 83077 [main] INFO  pages.Checkout - *****************************************************************
14:50:13.455 98755 [main] INFO  com.qaconsultants.TestSteps - *****************************************************************
14:50:13.456 98756 [main] INFO  com.qaconsultants.TestSteps - No ad displayed: org.openqa.selenium.TimeoutException: Expected condition failed: waiting for visibility of Proxy element for: DefaultElementLocator 'By.xpath: //iframe[contains(@name,'aswift') and contains(@style,'visibility: visible')]' (tried for 10 second(s) with 500 milliseconds interval)
14:50:13.456 98756 [main] INFO  com.qaconsultants.TestSteps - *****************************************************************
14:50:13.456 98756 [main] INFO  pages.Payment - *****************************************************************
14:50:13.456 98756 [main] INFO  pages.Payment - Payment Page entered
14:50:13.562 98862 [main] INFO  pages.Payment - Card Name entered
14:50:13.637 98937 [main] INFO  pages.Payment - Card Number entered
14:50:13.722 99022 [main] INFO  pages.Payment - Card CVC number entered
14:50:13.794 99094 [main] INFO  pages.Payment - Card expiry month entered
14:50:13.860 99160 [main] INFO  pages.Payment - Card expiry year entered
14:50:15.895 101195 [main] INFO  pages.Payment - Pay and Confirm Button clicked
14:50:15.896 101196 [main] INFO  pages.Payment - Payment Page end
14:50:15.896 101196 [main] INFO  pages.Payment - *****************************************************************
14:50:31.551 116851 [main] INFO  com.qaconsultants.TestSteps - *****************************************************************
14:50:31.552 116852 [main] INFO  com.qaconsultants.TestSteps - No ad displayed: org.openqa.selenium.TimeoutException: Expected condition failed: waiting for visibility of Proxy element for: DefaultElementLocator 'By.xpath: //iframe[contains(@name,'aswift') and contains(@style,'visibility: visible')]' (tried for 10 second(s) with 500 milliseconds interval)
14:50:31.552 116852 [main] INFO  com.qaconsultants.TestSteps - *****************************************************************
10:26:44.182 1034 [main] DEBUG i.g.b.wdm.cache.ResolutionCache - Removing resolution chrome=112 from cache (expired on Fri Apr 21 10:31:06 EDT 2023)
10:26:44.650 1502 [main] DEBUG i.g.b.wdm.versions.VersionDetector - Detecting chrome version using online commands.properties
10:26:44.655 1507 [main] DEBUG i.g.bonigarcia.wdm.versions.Shell - Running command on the shell: [cmd.exe, /C, wmic, datafile, where, name="%PROGRAMFILES:\=\\%\\Google\\Chrome\\Application\\chrome.exe", get, Version, /value]
10:26:45.206 2058 [main] DEBUG i.g.bonigarcia.wdm.versions.Shell - Result: Version=112.0.5615.138
10:26:45.209 2061 [main] DEBUG i.g.b.wdm.cache.ResolutionCache - Removing resolution chrome112=112.0.5615.49 from cache (expired on Fri Apr 21 14:48:37 EDT 2023)
10:26:45.378 2230 [main] DEBUG i.g.b.wdm.versions.VersionDetector - Latest version of chromedriver according to https://chromedriver.storage.googleapis.com/LATEST_RELEASE_112 is 112.0.5615.49
10:26:45.379 2231 [main] INFO  i.g.bonigarcia.wdm.WebDriverManager - Using chromedriver 112.0.5615.49 (resolved driver for Chrome 112)
10:26:45.383 2235 [main] DEBUG i.g.b.wdm.cache.ResolutionCache - Storing resolution chrome=112 in cache (valid until 11:26:45 24/04/2023 EDT)
10:26:45.387 2239 [main] DEBUG i.g.b.wdm.cache.ResolutionCache - Storing resolution chrome112=112.0.5615.49 in cache (valid until 10:26:45 25/04/2023 EDT)
10:26:45.418 2270 [main] DEBUG i.g.bonigarcia.wdm.WebDriverManager - Driver chromedriver 112.0.5615.49 found in cache
10:26:45.419 2271 [main] INFO  i.g.bonigarcia.wdm.WebDriverManager - Exporting webdriver.chrome.driver as C:\Users\kkaswan\.cache\selenium\chromedriver\win32\112.0.5615.49\chromedriver.exe
10:27:05.590 22442 [main] INFO  com.qaconsultants.TestSteps - *****************************************************************
10:27:05.591 22443 [main] INFO  com.qaconsultants.TestSteps - No ad displayed: org.openqa.selenium.TimeoutException: Expected condition failed: waiting for visibility of Proxy element for: DefaultElementLocator 'By.xpath: //iframe[contains(@name,'aswift') and contains(@style,'visibility: visible')]' (tried for 10 second(s) with 500 milliseconds interval)
10:27:05.592 22444 [main] INFO  com.qaconsultants.TestSteps - *****************************************************************
10:27:09.357 26209 [main] INFO  pages.LogIn - *****************************************************************
10:27:09.357 26209 [main] INFO  pages.LogIn - Login Page entered
10:27:09.462 26314 [main] INFO  pages.LogIn - Email entered
10:27:09.529 26381 [main] INFO  pages.LogIn - Password entered
10:27:11.175 28027 [main] INFO  pages.LogIn - Login Button clicked
10:27:26.846 43698 [main] INFO  com.qaconsultants.TestSteps - *****************************************************************
10:27:26.846 43698 [main] INFO  com.qaconsultants.TestSteps - No ad displayed: org.openqa.selenium.TimeoutException: Expected condition failed: waiting for visibility of Proxy element for: DefaultElementLocator 'By.xpath: //iframe[contains(@name,'aswift') and contains(@style,'visibility: visible')]' (tried for 10 second(s) with 500 milliseconds interval)
10:27:26.846 43698 [main] INFO  com.qaconsultants.TestSteps - *****************************************************************
10:27:44.318 61170 [main] INFO  com.qaconsultants.TestSteps - *****************************************************************
10:27:44.319 61171 [main] INFO  com.qaconsultants.TestSteps - No ad displayed: org.openqa.selenium.TimeoutException: Expected condition failed: waiting for visibility of Proxy element for: DefaultElementLocator 'By.xpath: //iframe[contains(@name,'aswift') and contains(@style,'visibility: visible')]' (tried for 10 second(s) with 500 milliseconds interval)
10:27:44.319 61171 [main] INFO  com.qaconsultants.TestSteps - *****************************************************************
10:27:44.329 61181 [main] INFO  pages.Product - *****************************************************************
10:27:44.330 61182 [main] INFO  pages.Product - Product Page entered
10:27:44.443 61295 [main] INFO  pages.Product - Wrote product to be searched in search bar
10:27:47.828 64680 [main] INFO  pages.Product - Clicked the search button on product page
10:27:49.435 66287 [main] INFO  pages.Product - Added product in the cart
10:27:50.661 67513 [main] INFO  pages.Product - Leaving product page
10:27:50.661 67513 [main] INFO  pages.Product - *****************************************************************
10:28:06.288 83140 [main] INFO  com.qaconsultants.TestSteps - *****************************************************************
10:28:06.289 83141 [main] INFO  com.qaconsultants.TestSteps - No ad displayed: org.openqa.selenium.TimeoutException: Expected condition failed: waiting for visibility of Proxy element for: DefaultElementLocator 'By.xpath: //iframe[contains(@name,'aswift') and contains(@style,'visibility: visible')]' (tried for 10 second(s) with 500 milliseconds interval)
10:28:06.290 83142 [main] INFO  com.qaconsultants.TestSteps - *****************************************************************
10:28:07.239 84091 [main] INFO  pages.Checkout - *****************************************************************
10:28:07.239 84091 [main] INFO  pages.Checkout - Checkout Page entered
10:28:08.216 85068 [main] INFO  pages.Checkout - Leaving Checkout Page
10:28:08.216 85068 [main] INFO  pages.Checkout - *****************************************************************
10:28:23.922 100774 [main] INFO  com.qaconsultants.TestSteps - *****************************************************************
10:28:23.923 100775 [main] INFO  com.qaconsultants.TestSteps - No ad displayed: org.openqa.selenium.TimeoutException: Expected condition failed: waiting for visibility of Proxy element for: DefaultElementLocator 'By.xpath: //iframe[contains(@name,'aswift') and contains(@style,'visibility: visible')]' (tried for 10 second(s) with 500 milliseconds interval)
10:28:23.923 100775 [main] INFO  com.qaconsultants.TestSteps - *****************************************************************
10:28:23.923 100775 [main] INFO  pages.Payment - *****************************************************************
10:28:23.923 100775 [main] INFO  pages.Payment - Payment Page entered
10:28:24.029 100881 [main] INFO  pages.Payment - Card Name entered
10:28:24.104 100956 [main] INFO  pages.Payment - Card Number entered
10:28:24.198 101050 [main] INFO  pages.Payment - Card CVC number entered
10:28:24.261 101113 [main] INFO  pages.Payment - Card expiry month entered
10:28:24.326 101178 [main] INFO  pages.Payment - Card expiry year entered
10:28:26.282 103134 [main] INFO  pages.Payment - Pay and Confirm Button clicked
10:28:26.282 103134 [main] INFO  pages.Payment - Payment Page end
10:28:26.282 103134 [main] INFO  pages.Payment - *****************************************************************
10:28:41.950 118802 [main] INFO  com.qaconsultants.TestSteps - *****************************************************************
10:28:41.951 118803 [main] INFO  com.qaconsultants.TestSteps - No ad displayed: org.openqa.selenium.TimeoutException: Expected condition failed: waiting for visibility of Proxy element for: DefaultElementLocator 'By.xpath: //iframe[contains(@name,'aswift') and contains(@style,'visibility: visible')]' (tried for 10 second(s) with 500 milliseconds interval)
10:28:41.951 118803 [main] INFO  com.qaconsultants.TestSteps - *****************************************************************
10:29:48.699 1078 [main] DEBUG i.g.b.wdm.cache.ResolutionCache - Resolution chrome=112 in cache (valid until 11:26:45 24/04/2023 EDT)
10:29:48.705 1084 [main] DEBUG i.g.b.wdm.cache.ResolutionCache - Resolution chrome112=112.0.5615.49 in cache (valid until 10:26:45 25/04/2023 EDT)
10:29:48.706 1085 [main] INFO  i.g.bonigarcia.wdm.WebDriverManager - Using chromedriver 112.0.5615.49 (resolved driver for Chrome 112)
10:29:48.744 1123 [main] DEBUG i.g.bonigarcia.wdm.WebDriverManager - Driver chromedriver 112.0.5615.49 found in cache
10:29:48.746 1125 [main] INFO  i.g.bonigarcia.wdm.WebDriverManager - Exporting webdriver.chrome.driver as C:\Users\kkaswan\.cache\selenium\chromedriver\win32\112.0.5615.49\chromedriver.exe
10:30:07.384 19763 [main] INFO  com.qaconsultants.TestSteps - *****************************************************************
10:30:07.384 19763 [main] INFO  com.qaconsultants.TestSteps - No ad displayed: org.openqa.selenium.TimeoutException: Expected condition failed: waiting for visibility of Proxy element for: DefaultElementLocator 'By.xpath: //iframe[contains(@name,'aswift') and contains(@style,'visibility: visible')]' (tried for 10 second(s) with 500 milliseconds interval)
10:30:07.384 19763 [main] INFO  com.qaconsultants.TestSteps - *****************************************************************
10:30:08.661 21040 [main] INFO  pages.LogIn - *****************************************************************
10:30:08.661 21040 [main] INFO  pages.LogIn - Login Page entered
10:30:08.767 21146 [main] INFO  pages.LogIn - Email entered
10:30:08.888 21267 [main] INFO  pages.LogIn - Password entered
10:30:12.417 24796 [main] INFO  pages.LogIn - Login Button clicked
10:30:28.100 40479 [main] INFO  com.qaconsultants.TestSteps - *****************************************************************
10:30:28.100 40479 [main] INFO  com.qaconsultants.TestSteps - No ad displayed: org.openqa.selenium.TimeoutException: Expected condition failed: waiting for visibility of Proxy element for: DefaultElementLocator 'By.xpath: //iframe[contains(@name,'aswift') and contains(@style,'visibility: visible')]' (tried for 10 second(s) with 500 milliseconds interval)
10:30:28.100 40479 [main] INFO  com.qaconsultants.TestSteps - *****************************************************************
10:30:45.381 57760 [main] INFO  com.qaconsultants.TestSteps - *****************************************************************
10:30:45.381 57760 [main] INFO  com.qaconsultants.TestSteps - No ad displayed: org.openqa.selenium.TimeoutException: Expected condition failed: waiting for visibility of Proxy element for: DefaultElementLocator 'By.xpath: //iframe[contains(@name,'aswift') and contains(@style,'visibility: visible')]' (tried for 10 second(s) with 500 milliseconds interval)
10:30:45.381 57760 [main] INFO  com.qaconsultants.TestSteps - *****************************************************************
10:30:45.396 57775 [main] INFO  pages.Product - *****************************************************************
10:30:45.396 57775 [main] INFO  pages.Product - Product Page entered
10:30:45.506 57885 [main] INFO  pages.Product - Wrote product to be searched in search bar
10:30:47.218 59597 [main] INFO  pages.Product - Clicked the search button on product page
10:30:48.790 61169 [main] INFO  pages.Product - Added product in the cart
10:30:50.016 62395 [main] INFO  pages.Product - Leaving product page
10:30:50.016 62395 [main] INFO  pages.Product - *****************************************************************
10:31:05.663 78042 [main] INFO  com.qaconsultants.TestSteps - *****************************************************************
10:31:05.663 78042 [main] INFO  com.qaconsultants.TestSteps - No ad displayed: org.openqa.selenium.TimeoutException: Expected condition failed: waiting for visibility of Proxy element for: DefaultElementLocator 'By.xpath: //iframe[contains(@name,'aswift') and contains(@style,'visibility: visible')]' (tried for 10 second(s) with 500 milliseconds interval)
10:31:05.663 78042 [main] INFO  com.qaconsultants.TestSteps - *****************************************************************
10:31:07.204 79583 [main] INFO  pages.Checkout - *****************************************************************
10:31:07.204 79583 [main] INFO  pages.Checkout - Checkout Page entered
10:31:08.248 80627 [main] INFO  pages.Checkout - Leaving Checkout Page
10:31:08.248 80627 [main] INFO  pages.Checkout - *****************************************************************
10:31:23.923 96302 [main] INFO  com.qaconsultants.TestSteps - *****************************************************************
10:31:23.923 96302 [main] INFO  com.qaconsultants.TestSteps - No ad displayed: org.openqa.selenium.TimeoutException: Expected condition failed: waiting for visibility of Proxy element for: DefaultElementLocator 'By.xpath: //iframe[contains(@name,'aswift') and contains(@style,'visibility: visible')]' (tried for 10 second(s) with 500 milliseconds interval)
10:31:23.923 96302 [main] INFO  com.qaconsultants.TestSteps - *****************************************************************
10:31:23.923 96302 [main] INFO  pages.Payment - *****************************************************************
10:31:23.923 96302 [main] INFO  pages.Payment - Payment Page entered
10:31:24.048 96427 [main] INFO  pages.Payment - Card Name entered
10:31:24.111 96490 [main] INFO  pages.Payment - Card Number entered
10:31:24.205 96584 [main] INFO  pages.Payment - Card CVC number entered
10:31:24.275 96654 [main] INFO  pages.Payment - Card expiry month entered
10:31:24.331 96710 [main] INFO  pages.Payment - Card expiry year entered
10:31:26.267 98646 [main] INFO  pages.Payment - Pay and Confirm Button clicked
10:31:26.267 98646 [main] INFO  pages.Payment - Payment Page end
10:31:26.267 98646 [main] INFO  pages.Payment - *****************************************************************
10:31:41.925 114304 [main] INFO  com.qaconsultants.TestSteps - *****************************************************************
10:31:41.925 114304 [main] INFO  com.qaconsultants.TestSteps - No ad displayed: org.openqa.selenium.TimeoutException: Expected condition failed: waiting for visibility of Proxy element for: DefaultElementLocator 'By.xpath: //iframe[contains(@name,'aswift') and contains(@style,'visibility: visible')]' (tried for 10 second(s) with 500 milliseconds interval)
10:31:41.925 114304 [main] INFO  com.qaconsultants.TestSteps - *****************************************************************
